// Jest Snapshot v1, https://goo.gl/fbAQLP

exports[`FilterGroup should render and behave correctly 1`] = `"<div class=\\"sk-filter-group filter-group-1\\"><div class=\\"sk-filter-group-items\\"><div class=\\"sk-filter-group-items__title\\">GroupTitle</div><div class=\\"sk-filter-group-items__list\\"><div class=\\"sk-filter-group-items__value\\" data-key=\\"A\\">A translated</div><div class=\\"sk-filter-group-items__value\\" data-key=\\"B\\">B translated</div><div class=\\"sk-filter-group-items__value\\" data-key=\\"C\\">C translated</div><div class=\\"sk-filter-group-items__value\\" data-key=\\"D\\">D translated</div></div></div><div class=\\"sk-filter-group__remove-action\\">X</div></div>"`;
